// Jest Snapshot v1, https://goo.gl/fbAQLP

exports[`<HelloWorld /> It should render the hello world component 1`] = `
<div>
  Hello World!
</div>
`;
